Content-Transfer-Encoding: quoted-printable
Content-Type: text/plain; charset=utf-8
From: me@me.com
Mime-Version: 1.0
Subject: Test subject
To: you@you.com

=0A=0A=E6=B7=BB=E4=BB=98=E3=83=95=E3=82=A1=E3=
=82=A4=E3=83=AB=E5=90=8D=E3=83=86=E3=82=B9=E3=83=88
