Content-Transfer-Encoding: base64
Content-Type: text/plain; charset=utf-8
From: me@me.com
Mime-Version: 1.0
Subject: Test subject
To: you@you.com

Cgrmt7vku5jjg5XjgqHjgqTjg6vlkI3jg4bjgrnjg4gNCg==
