Content-Type: text/plain; charset=utf-8
From: Weiß foo@bar.com
Mime-Version: 1.0
Subject: test utf8 to
To: Jøhn Døe <bar@baz.com>

This is a test mailing
